// Jest Snapshot v1, https://goo.gl/fbAQLP

exports[`Home page matches snapshot 1`] = `
.c2 {
  font-family: Roboto;
  font-weight: 400;
  font-size: 16px;
  line-height: 1.2;
  webkit-font-smoothing: antialiased;
  margin: 0;
  margin-bottom: 32px;
  margin-top: 0;
  color: inherit;
  text-align: initial;
}

.c1 {
  font-family: Roboto;
  font-weight: 700;
  font-size: 32px;
  line-height: 1.2;
  margin: 0;
  margin-bottom: 8px;
  margin-top: 0;
  color: inherit;
  text-align: initial;
}

.c3 {
  font-family: Roboto;
  font-weight: 700;
  font-size: 16px;
  line-height: 1.2;
  margin: 0;
  margin-bottom: 8px;
  margin-top: 0;
  color: inherit;
  text-align: initial;
}

.c4 {
  display: grid;
  grid-gap: 8px;
  grid-template-rows: 1fr 1fr;
  grid-template-columns: 1fr 1fr;
}

.c7 {
  background-color: #5cdb95;
  background-image: url('test-file-stub');
  background-size: cover;
  background-repeat: no-repeat;
  background-position: center;
  text-transform: uppercase;
  padding: 24px;
  border-radius: 5px;
  color: #fff;
  font-weight: 700;
  line-height: 1.2;
  -webkit-letter-spacing: 0px;
  -moz-letter-spacing: 0px;
  -ms-letter-spacing: 0px;
  letter-spacing: 0px;
  text-align: center;
}

.c6 {
  background-color: #5cdb95;
  background-image: url('test-file-stub');
  background-size: cover;
  background-repeat: no-repeat;
  background-position: center;
  text-transform: uppercase;
  padding: 24px;
  border-radius: 5px;
  color: #fff;
  font-weight: 700;
  -webkit-letter-spacing: 0px;
  -moz-letter-spacing: 0px;
  -ms-letter-spacing: 0px;
  letter-spacing: 0px;
  text-align: center;
}

.c8 {
  background-color: #5cdb95;
  background-image: url('test-file-stub');
  background-size: cover;
  background-repeat: no-repeat;
  background-position: center;
  text-transform: uppercase;
  padding: 24px;
  border-radius: 5px;
  color: #fff;
  font-weight: 700;
  -webkit-letter-spacing: 0px;
  -moz-letter-spacing: 0px;
  -ms-letter-spacing: 0px;
  letter-spacing: 0px;
  text-align: center;
}

.c5 {
  background-color: #5cdb95;
  background-image: url('test-file-stub');
  background-size: cover;
  background-repeat: no-repeat;
  background-position: center;
  text-transform: uppercase;
  padding: 24px;
  border-radius: 5px;
  color: #fff;
  font-weight: 700;
  -webkit-letter-spacing: 0px;
  -moz-letter-spacing: 0px;
  -ms-letter-spacing: 0px;
  letter-spacing: 0px;
  text-align: center;
}

.c10 {
  font-family: Roboto;
  font-weight: 500;
  font-size: 12px;
  line-height: 1.2;
  margin: 0;
  margin-bottom: 0;
  margin-top: 8px;
  color: #5cdb95;
  text-align: center;
  -webkit-text-decoration: underline;
  text-decoration: underline;
}

.c9 {
  margin: 8px;
}

.c0 {
  background-image: url('test-file-stub');
  background-size: contain;
  background-repeat: no-repeat;
  background-position: top right;
  margin: -32px -16px;
  padding: 32px 16px;
}

@media (min-width:768px) {

}

@media (min-width:1224px) {
  .c2 {
    font-size: 16px;
  }
}

@media (min-width:768px) {

}

@media (min-width:1224px) {

}

@media (min-width:768px) {

}

@media (min-width:1224px) {

}

@media (min-width:768px) {

}

@media (min-width:1224px) {

}

@media (min-width:768px) {

}

@media (min-width:1224px) {

}

@media (min-width:768px) {
  .c1 {
    font-size: 32px;
  }
}

@media (min-width:1224px) {
  .c1 {
    line-height: 1.5;
    font-size: 32px;
  }
}

@media (min-width:768px) {

}

@media (min-width:1224px) {
  .c3 {
    line-height: 1.5;
  }
}

@media (min-width:768px) {

}

@media (min-width:1224px) {

}

@media (min-width:768px) {

}

@media (min-width:1224px) {

}

@media (min-width:768px) {

}

@media (min-width:1224px) {

}

@media (min-width:768px) {

}

@media (min-width:1224px) {

}

@media (min-width:768px) {

}

@media (min-width:1224px) {

}

@media (min-width:768px) {

}

@media (min-width:1224px) {

}

@media (min-width:768px) {

}

@media (min-width:1224px) {
  .c4 {
    grid-gap: 32px;
    grid-template-columns: 1fr 1fr 1fr 1fr;
    grid-template-rows: 1fr;
  }
}

@media (min-width:768px) {
  .c10 {
    font-size: 12px;
  }
}

@media (min-width:1224px) {
  .c10 {
    font-size: 12px;
  }
}

@media (min-width:768px) {
  .c9 {
    margin: 16px;
  }
}

@media (min-width:1224px) {
  .c9 {
    margin: 32px;
  }
}

@media (min-width:768px) {
  .c0 {
    display: grid;
    grid-gap: 32px;
    background-image: url('test-file-stub');
    background-size: 50% 100%,contain;
    margin: -32px -24px;
    padding: 32px 24px;
  }
}

@media (min-width:1224px) {
  .c0 {
    display: grid;
    grid-gap: 64px;
    background-image: url('test-file-stub');
    background-size: 50% auto,contain;
    margin: -32px -128px;
    padding: 32px 128px;
  }
}

@media (min-width:768px) {

}

@media (min-width:1224px) {

}

@media (min-width:768px) {

}

@media (min-width:1224px) {

}

@media (min-width:768px) {

}

@media (min-width:1224px) {

}

@media (min-width:768px) {

}

@media (min-width:1224px) {

}

@media (min-width:768px) {

}

@media (min-width:1224px) {

}

@media (min-width:768px) {

}

@media (min-width:1224px) {

}

@media (min-width:768px) {

}

@media (min-width:1224px) {

}

@media (min-width:768px) {

}

@media (min-width:1224px) {

}

@media (min-width:768px) {

}

@media (min-width:1224px) {

}

@media (min-width:768px) {

}

@media (min-width:1224px) {

}

@media (min-width:768px) {

}

@media (min-width:1224px) {

}

@media (min-width:768px) {

}

@media (min-width:1224px) {

}

@media (min-width:768px) {

}

@media (min-width:1224px) {

}

@media (min-width:768px) {

}

@media (min-width:1224px) {

}

@media (min-width:768px) {

}

@media (min-width:1224px) {

}

@media (min-width:768px) {

}

@media (min-width:1224px) {

}

@media (min-width:768px) {

}

@media (min-width:1224px) {

}

@media (min-width:768px) {

}

@media (min-width:1224px) {

}

<div
  class="c0"
>
  <div>
    <div
      class="c1"
    >
      Make financial decisions simple
    </div>
    <div
      class="c2"
    >
      with personalized guidance
    </div>
  </div>
  <div>
    <div
      class="c3"
    >
      Manage your debt better
    </div>
    <div
      class="c4"
    >
      <div
        class="c5"
      >
        Ways to pay off debt
      </div>
      <div
        class="c6"
      >
        Estimate debt-free date
      </div>
      <div
        class="c7"
      >
        Ways to consolidate
      </div>
      <div
        class="c8"
      >
        Estimate savings
      </div>
    </div>
    <div
      class="c9"
    >
      <div
        class="Typography__TextMedium-sc-12f2dd0-3 c10"
        color="#5cdb95"
      >
        Learn more about debt consolidation
      </div>
    </div>
  </div>
</div>
`;
